// Vitest Snapshot v1, https://vitest.dev/guide/snapshot.html

exports[`Home > matches snapshot 1`] = `
<DocumentFragment>
  <div
    class="_content_a33fb6"
  >
    <img
      alt="Picture of Jean Luis Urena"
      class="_picture_a33fb6"
      height="200"
      src="/src/assets/images/jean/webslidepic1.jpeg"
      width="200"
    />
    <div
      class="_introduction_a33fb6"
    >
      <h1>
        Hello, my name is
      </h1>
      <div
        class="_name_a33fb6"
      >
        Jean Luis Ureña
      </div>
    </div>
    <div
      class="_wordsCarousel_a33fb6"
    >
      I am a
      <div>
        <span
          class="_word_6729c1"
        >
          Leader
        </span>
        <span
          class="_word_6729c1"
        >
          Software Engineer
        </span>
        <span
          class="_word_6729c1"
        >
          Student
        </span>
        <span
          class="_word_6729c1"
        >
          Car Enthusiast
        </span>
        <span
          class="_word_6729c1"
        >
          Hiker
        </span>
        <span
          class="_word_6729c1"
        >
          Coffee Fanatic
        </span>
      </div>
    </div>
    <div
      class="_contact_a33fb6"
    >
      <a
        class="reverse"
        href="mailto:eljean@live.com?subject=&body="
      >
        moc.evil@
        <span />
        naejle
      </a>
      <svg
        aria-hidden="true"
        class="svg-inline--fa fa-paper-plane"
        data-icon="paper-plane"
        data-prefix="fas"
        role="img"
        viewBox="0 0 576 512"
      >
        <path
          d="M536.4-26.3c9.8-3.5 20.6-1 28 6.3s9.8 18.2 6.3 28l-178 496.9c-5 13.9-18.1 23.1-32.8 23.1-14.2 0-27-8.6-32.3-21.7l-64.2-158c-4.5-11-2.5-23.6 5.2-32.6l94.5-112.4c5.1-6.1 4.7-15-.9-20.6s-14.6-6-20.6-.9L229.2 276.1c-9.1 7.6-21.6 9.6-32.6 5.2L38.1 216.8c-13.1-5.3-21.7-18.1-21.7-32.3 0-14.7 9.2-27.8 23.1-32.8l496.9-178z"
          fill="currentColor"
        />
      </svg>
    </div>
  </div>
</DocumentFragment>
`;
