// Vitest Snapshot v1, https://vitest.dev/guide/snapshot.html

exports[`<Nav /> > renders desktop view (snapshot) 1`] = `
<DocumentFragment>
  <div
    class="_navigationContainer_9d65e5"
    role="navigation"
  >
    <div
      class="_navigationSlider_9d65e5"
    >
      <div
        class="_tabWrapper_a7072b null "
      >
        <div
          class="_buttonContainer_a7072b"
        >
          <button
            aria-label="Foo"
            class="_tab_a7072b"
            type="button"
          >
            <svg
              aria-hidden="true"
              class="svg-inline--fa fa-house fa-lg "
              data-icon="house"
              data-prefix="fas"
              focusable="false"
              role="img"
              viewBox="0 0 576 512"
              xmlns="http://www.w3.org/2000/svg"
            >
              <path
                d="M575.8 255.5c0 18-15 32.1-32 32.1l-32 0 .7 160.2c0 2.7-.2 5.4-.5 8.1l0 16.2c0 22.1-17.9 40-40 40l-16 0c-1.1 0-2.2 0-3.3-.1c-1.4 .1-2.8 .1-4.2 .1L416 512l-24 0c-22.1 0-40-17.9-40-40l0-24 0-64c0-17.7-14.3-32-32-32l-64 0c-17.7 0-32 14.3-32 32l0 64 0 24c0 22.1-17.9 40-40 40l-24 0-31.9 0c-1.5 0-3-.1-4.5-.2c-1.2 .1-2.4 .2-3.6 .2l-16 0c-22.1 0-40-17.9-40-40l0-112c0-.9 0-1.9 .1-2.8l0-69.7-32 0c-18 0-32-14-32-32.1c0-9 3-17 10-24L266.4 8c7-7 15-8 22-8s15 2 21 7L564.8 231.5c8 7 12 15 11 24z"
                fill="currentColor"
              />
            </svg>
          </button>
          <span
            class="_helperLabel_a7072b"
          >
            Foo
          </span>
        </div>
      </div>
      <div
        class="_tabWrapper_a7072b null _selected_a7072b"
      >
        <div
          class="_buttonContainer_a7072b"
        >
          <button
            aria-label="Bar"
            class="_tab_a7072b"
            type="button"
          >
            <svg
              aria-hidden="true"
              class="svg-inline--fa fa-rectangle-ad fa-lg "
              data-icon="rectangle-ad"
              data-prefix="fas"
              focusable="false"
              role="img"
              viewBox="0 0 576 512"
              xmlns="http://www.w3.org/2000/svg"
            >
              <path
                d="M64 32C28.7 32 0 60.7 0 96L0 416c0 35.3 28.7 64 64 64l448 0c35.3 0 64-28.7 64-64l0-320c0-35.3-28.7-64-64-64L64 32zM229.5 173.3l72 144c5.9 11.9 1.1 26.3-10.7 32.2s-26.3 1.1-32.2-10.7L253.2 328l-90.3 0-5.4 10.7c-5.9 11.9-20.3 16.7-32.2 10.7s-16.7-20.3-10.7-32.2l72-144c4.1-8.1 12.4-13.3 21.5-13.3s17.4 5.1 21.5 13.3zM208 237.7L186.8 280l42.3 0L208 237.7zM392 256a24 24 0 1 0 0 48 24 24 0 1 0 0-48zm24-43.9l0-28.1c0-13.3 10.7-24 24-24s24 10.7 24 24l0 96 0 48c0 13.3-10.7 24-24 24c-6.6 0-12.6-2.7-17-7c-9.4 4.5-19.9 7-31 7c-39.8 0-72-32.2-72-72s32.2-72 72-72c8.4 0 16.5 1.4 24 4.1z"
                fill="currentColor"
              />
            </svg>
          </button>
          <span
            class="_helperLabel_a7072b"
          >
            Bar
          </span>
        </div>
      </div>
    </div>
  </div>
  <div
    aria-hidden="true"
    class="_mobileNavigationContainer_9d65e5 false"
    role="navigation"
  />
</DocumentFragment>
`;

exports[`<Nav /> > renders mobile view and calls onTabClick 1`] = `
<DocumentFragment>
  <div
    class="_navigationContainer_9d65e5"
    role="navigation"
  >
    <div
      class="_navigationSlider_9d65e5"
    >
      <div
        class="_tabWrapper_a7072b null "
      >
        <div
          class="_buttonContainer_a7072b"
        >
          <button
            aria-label="Foo"
            class="_tab_a7072b"
            type="button"
          >
            <svg
              aria-hidden="true"
              class="svg-inline--fa fa-house fa-lg "
              data-icon="house"
              data-prefix="fas"
              focusable="false"
              role="img"
              viewBox="0 0 576 512"
              xmlns="http://www.w3.org/2000/svg"
            >
              <path
                d="M575.8 255.5c0 18-15 32.1-32 32.1l-32 0 .7 160.2c0 2.7-.2 5.4-.5 8.1l0 16.2c0 22.1-17.9 40-40 40l-16 0c-1.1 0-2.2 0-3.3-.1c-1.4 .1-2.8 .1-4.2 .1L416 512l-24 0c-22.1 0-40-17.9-40-40l0-24 0-64c0-17.7-14.3-32-32-32l-64 0c-17.7 0-32 14.3-32 32l0 64 0 24c0 22.1-17.9 40-40 40l-24 0-31.9 0c-1.5 0-3-.1-4.5-.2c-1.2 .1-2.4 .2-3.6 .2l-16 0c-22.1 0-40-17.9-40-40l0-112c0-.9 0-1.9 .1-2.8l0-69.7-32 0c-18 0-32-14-32-32.1c0-9 3-17 10-24L266.4 8c7-7 15-8 22-8s15 2 21 7L564.8 231.5c8 7 12 15 11 24z"
                fill="currentColor"
              />
            </svg>
          </button>
          <span
            class="_helperLabel_a7072b"
          >
            Foo
          </span>
        </div>
      </div>
      <div
        class="_tabWrapper_a7072b null "
      >
        <div
          class="_buttonContainer_a7072b"
        >
          <button
            aria-label="Bar"
            class="_tab_a7072b"
            type="button"
          >
            <svg
              aria-hidden="true"
              class="svg-inline--fa fa-rectangle-ad fa-lg "
              data-icon="rectangle-ad"
              data-prefix="fas"
              focusable="false"
              role="img"
              viewBox="0 0 576 512"
              xmlns="http://www.w3.org/2000/svg"
            >
              <path
                d="M64 32C28.7 32 0 60.7 0 96L0 416c0 35.3 28.7 64 64 64l448 0c35.3 0 64-28.7 64-64l0-320c0-35.3-28.7-64-64-64L64 32zM229.5 173.3l72 144c5.9 11.9 1.1 26.3-10.7 32.2s-26.3 1.1-32.2-10.7L253.2 328l-90.3 0-5.4 10.7c-5.9 11.9-20.3 16.7-32.2 10.7s-16.7-20.3-10.7-32.2l72-144c4.1-8.1 12.4-13.3 21.5-13.3s17.4 5.1 21.5 13.3zM208 237.7L186.8 280l42.3 0L208 237.7zM392 256a24 24 0 1 0 0 48 24 24 0 1 0 0-48zm24-43.9l0-28.1c0-13.3 10.7-24 24-24s24 10.7 24 24l0 96 0 48c0 13.3-10.7 24-24 24c-6.6 0-12.6-2.7-17-7c-9.4 4.5-19.9 7-31 7c-39.8 0-72-32.2-72-72s32.2-72 72-72c8.4 0 16.5 1.4 24 4.1z"
                fill="currentColor"
              />
            </svg>
          </button>
          <span
            class="_helperLabel_a7072b"
          >
            Bar
          </span>
        </div>
      </div>
    </div>
  </div>
  <div
    aria-hidden="false"
    class="_mobileNavigationContainer_9d65e5 _open_9d65e5"
    role="navigation"
  >
    <div
      class="_tabWrapper_a7072b null "
    >
      <div
        class="_buttonContainer_a7072b"
      >
        <button
          aria-label="Foo"
          class="_tab_a7072b"
          type="button"
        >
          <svg
            aria-hidden="true"
            class="svg-inline--fa fa-house fa-lg "
            data-icon="house"
            data-prefix="fas"
            focusable="false"
            role="img"
            viewBox="0 0 576 512"
            xmlns="http://www.w3.org/2000/svg"
          >
            <path
              d="M575.8 255.5c0 18-15 32.1-32 32.1l-32 0 .7 160.2c0 2.7-.2 5.4-.5 8.1l0 16.2c0 22.1-17.9 40-40 40l-16 0c-1.1 0-2.2 0-3.3-.1c-1.4 .1-2.8 .1-4.2 .1L416 512l-24 0c-22.1 0-40-17.9-40-40l0-24 0-64c0-17.7-14.3-32-32-32l-64 0c-17.7 0-32 14.3-32 32l0 64 0 24c0 22.1-17.9 40-40 40l-24 0-31.9 0c-1.5 0-3-.1-4.5-.2c-1.2 .1-2.4 .2-3.6 .2l-16 0c-22.1 0-40-17.9-40-40l0-112c0-.9 0-1.9 .1-2.8l0-69.7-32 0c-18 0-32-14-32-32.1c0-9 3-17 10-24L266.4 8c7-7 15-8 22-8s15 2 21 7L564.8 231.5c8 7 12 15 11 24z"
              fill="currentColor"
            />
          </svg>
        </button>
        <span
          class="_helperLabel_a7072b"
        >
          Foo
        </span>
      </div>
    </div>
    <div
      class="_tabWrapper_a7072b null "
    >
      <div
        class="_buttonContainer_a7072b"
      >
        <button
          aria-label="Bar"
          class="_tab_a7072b"
          type="button"
        >
          <svg
            aria-hidden="true"
            class="svg-inline--fa fa-rectangle-ad fa-lg "
            data-icon="rectangle-ad"
            data-prefix="fas"
            focusable="false"
            role="img"
            viewBox="0 0 576 512"
            xmlns="http://www.w3.org/2000/svg"
          >
            <path
              d="M64 32C28.7 32 0 60.7 0 96L0 416c0 35.3 28.7 64 64 64l448 0c35.3 0 64-28.7 64-64l0-320c0-35.3-28.7-64-64-64L64 32zM229.5 173.3l72 144c5.9 11.9 1.1 26.3-10.7 32.2s-26.3 1.1-32.2-10.7L253.2 328l-90.3 0-5.4 10.7c-5.9 11.9-20.3 16.7-32.2 10.7s-16.7-20.3-10.7-32.2l72-144c4.1-8.1 12.4-13.3 21.5-13.3s17.4 5.1 21.5 13.3zM208 237.7L186.8 280l42.3 0L208 237.7zM392 256a24 24 0 1 0 0 48 24 24 0 1 0 0-48zm24-43.9l0-28.1c0-13.3 10.7-24 24-24s24 10.7 24 24l0 96 0 48c0 13.3-10.7 24-24 24c-6.6 0-12.6-2.7-17-7c-9.4 4.5-19.9 7-31 7c-39.8 0-72-32.2-72-72s32.2-72 72-72c8.4 0 16.5 1.4 24 4.1z"
              fill="currentColor"
            />
          </svg>
        </button>
        <span
          class="_helperLabel_a7072b"
        >
          Bar
        </span>
      </div>
    </div>
  </div>
</DocumentFragment>
`;
